// Jest Snapshot v1, https://goo.gl/fbAQLP

exports[`[GET] api/private/meals - valid request - should return status 200 1`] = `"Not enough meals in menu"`;
